{
  "source": {
    "path": "module1/dir2",
    "file": "dir2fl1.bal"
  },
  "position": {
    "line": 34,
    "character": 9
  },
  "result": [
    {
      "range": {
        "start": {
          "line": 2,
          "character": 35
        },
        "end": {
          "line": 2,
          "character": 38
        }
      },
      "uri": "module1/dir2/dir2fl1.bal"
    }
  ]
}