{
  "source": {
    "path": "module1/dir2",
    "file": "dir2fl1.bal"
  },
  "position": {
    "line": 33,
    "character": 5
  },
  "result": [
    {
      "range": {
        "start": {
          "line": 32,
          "character": 8
        },
        "end": {
          "line": 32,
          "character": 10
        }
      },
      "uri": "module1/dir2/dir2fl1.bal"
    }
  ]
}