{"start":{"line":3,"character":4},"end":{"line":5,"character":5}}
