{"start":{"line":46,"character":8},"end":{"line":46,"character":25}}
