{"start":{"line":37,"character":25},"end":{"line":37,"character":34}}
