{
  "source": {
    "path": "module1/dir2",
    "file": "dir2fl8.bal"
  },
  "position": {
    "line": 22,
    "character": 9
  },
  "result": [
    {
      "range": {
        "start": {
          "line": 20,
          "character": 15
        },
        "end": {
          "line": 20,
          "character": 16
        }
      },
      "uri": "module1/dir2/dir2fl8.bal"
    }
  ]
}