{
  "source": {
    "file": "dir2fl8.bal"
  },
  "position": {
    "line": 22,
    "character": 21
  },
  "result": [
    {
      "range": {
        "start": {
          "line": 21,
          "character": 8
        },
        "end": {
          "line": 21,
          "character": 9
        }
      },
      "uri": "dir2fl8.bal"
    }
  ]
}