{
  "source": {
    "file": "dir2fl1.bal"
  },
  "position": {
    "line": 10,
    "character": 44
  },
  "result": [
    {
      "range": {
        "start": {
          "line": 21,
          "character": 9
        },
        "end": {
          "line": 21,
          "character": 28
        }
      },
      "uri": "dir2fl1.bal"
    }
  ]
}