{
  "source": {
    "path": "module1/dir2",
    "file": "dir2fl1.bal"
  },
  "position": {
    "line": 8,
    "character": 16
  },
  "result": [
    {
      "range": {
        "start": {
          "line": 0,
          "character": 9
        },
        "end": {
          "line": 0,
          "character": 32
        }
      },
      "uri": "module1/dir2/dir4/dir4fl1.bal"
    }
  ]
}