{
  "source": {
    "file": "dir2fl4.bal"
  },
  "position": {
    "line": 32,
    "character": 18
  },
  "result": [
    {
      "range": {
        "start": {
          "line": 35,
          "character": 5
        },
        "end": {
          "line": 35,
          "character": 13
        }
      },
      "uri": "dir2fl4.bal"
    }
  ]
}