{
  "source": {
    "path": "module1/dir2",
    "file": "dir2fl9.bal"
  },
  "position": {
    "line": 28,
    "character": 80
  },
  "result": [
    {
      "range": {
        "start": {
          "line": 24,
          "character": 37
        },
        "end": {
          "line": 24,
          "character": 38
        }
      },
      "uri": "module1/dir2/dir2fl9.bal"
    }
  ]
}