{
  "source": {
    "path": "module1/dir2",
    "file": "dir2fl9.bal"
  },
  "position": {
    "line": 8,
    "character": 35
  },
  "result": [
    {
      "range": {
        "start": {
          "line": 1,
          "character": 11
        },
        "end": {
          "line": 1,
          "character": 20
        }
      },
      "uri": "module1/dir2/dir2fl9.bal"
    }
  ]
}