{
  "source": {
    "path": "module1/dir2",
    "file": "dir2fl3.bal"
  },
  "position": {
    "line": 35,
    "character": 22
  },
  "result": [
    {
      "range": {
        "start": {
          "line": 31,
          "character": 12
        },
        "end": {
          "line": 31,
          "character": 14
        }
      },
      "uri": "dir2fl3.bal"
    }
  ]
}