{
  "source": {
    "path": "module1/dir2",
    "file": "dir2fl3.bal"
  },
  "position": {
    "line": 62,
    "character": 13
  },
  "result": [
    {
      "range": {
        "start": {
          "line": 61,
          "character": 14
        },
        "end": {
          "line": 61,
          "character": 15
        }
      },
      "uri": "dir2fl3.bal"
    }
  ]
}