{
  "source": {
    "path": "module1/dir2",
    "file": "dir2fl3.bal"
  },
  "position": {
    "line": 135,
    "character": 57
  },
  "result": [
    {
      "range": {
        "start": {
          "line": 117,
          "character": 5
        },
        "end": {
          "line": 117,
          "character": 13
        }
      },
      "uri": "module1/dir2/dir2fl3.bal"
    }
  ]
}