{
  "source": {
    "path": "module1/dir2",
    "file": "dir2fl3.bal"
  },
  "position": {
    "line": 50,
    "character": 15
  },
  "result": [
    {
      "range": {
        "start": {
          "line": 1,
          "character": 12
        },
        "end": {
          "line": 1,
          "character": 18
        }
      },
      "uri": "module2/m2dir1/m2fl1.bal"
    }
  ]
}