{
  "source": {
    "path": "module1/dir2",
    "file": "dir2fl3.bal"
  },
  "position": {
    "line": 39,
    "character": 12
  },
  "result": [
    {
      "range": {
        "start": {
          "line": 38,
          "character": 27
        },
        "end": {
          "line": 38,
          "character": 29
        }
      },
      "uri": "module1/dir2/dir2fl3.bal"
    }
  ]
}