{
    "result": {
        "contents": {
            "kind": "markdown",
            "value": "**Description**  \n  \nCreate a new Apple  \n  \n"
        }
    },
    "id": {
        "left": "324"
    },
    "jsonrpc": "2.0"
}
