{
  "source": {
    "file": "defFl17.bal"
  },
  "position": {
    "line": 17,
    "character": 43
  },
  "result": [
    {
      "uri": "defFl17.bal",
      "range": {
        "start": {
          "line": 2,
          "character": 4
        },
        "end": {
          "line": 2,
          "character": 8
        }
      }
    }
  ]
}
