{
  "source": {
    "path": "module1/dir2",
    "file": "dir2fl2.bal"
  },
  "position": {
    "line": 11,
    "character": 20
  },
  "result": [
    {
      "range": {
        "start": {
          "line": 6,
          "character": 20
        },
        "end": {
          "line": 6,
          "character": 23
        }
      },
      "uri": "module1/dir2/dir2fl2.bal"
    }
  ]
}