{
  "source": {
    "path": "module1/dir2",
    "file": "dir2fl7.bal"
  },
  "position": {
    "line": 16,
    "character": 22
  },
  "result": [
    {
      "range": {
        "start": {
          "line": 15,
          "character": 23
        },
        "end": {
          "line": 15,
          "character": 27
        }
      },
      "uri": "module1/dir2/dir2fl7.bal"
    }
  ]
}