{
  "source": {
    "file": "dir2fl7.bal"
  },
  "position": {
    "line": 76,
    "character": 14
  },
  "result": [
    {
      "range": {
        "start": {
          "line": 119,
          "character": 5
        },
        "end": {
          "line": 119,
          "character": 9
        }
      },
      "uri": "dir2fl7.bal"
    }
  ]
}