{
  "source": {
    "file": "dir2fl7.bal"
  },
  "position": {
    "line": 147,
    "character": 31
  },
  "result": [
    {
      "range": {
        "start": {
          "line": 146,
          "character": 8
        },
        "end": {
          "line": 146,
          "character": 14
        }
      },
      "uri": "dir2fl7.bal"
    }
  ]
}