{
  "source": {
    "file": "dir2fl7.bal"
  },
  "position": {
    "line": 24,
    "character": 22
  },
  "result": [
    {
      "range": {
        "start": {
          "line": 23,
          "character": 33
        },
        "end": {
          "line": 23,
          "character": 37
        }
      },
      "uri": "dir2fl7.bal"
    }
  ]
}