{
  "source": {
    "path": "module1/dir2",
    "file": "dir2fl7.bal"
  },
  "position": {
    "line": 97,
    "character": 23
  },
  "result": [
    {
      "range": {
        "start": {
          "line": 96,
          "character": 35
        },
        "end": {
          "line": 96,
          "character": 36
        }
      },
      "uri": "dir2fl7.bal"
    }
  ]
}