{
  "source": {
    "path": "module1/dir2",
    "file": "dir2fl7.bal"
  },
  "position": {
    "line": 58,
    "character": 20
  },
  "result": [
    {
      "range": {
        "start": {
          "line": 119,
          "character": 5
        },
        "end": {
          "line": 119,
          "character": 9
        }
      },
      "uri": "module1/dir2/dir2fl7.bal"
    }
  ]
}