{
  "source": {
    "path": "module1/dir2",
    "file": "dir2fl6.bal"
  },
  "position": {
    "line": 27,
    "character": 44
  },
  "result": [
    {
      "range": {
        "start": {
          "line": 23,
          "character": 8
        },
        "end": {
          "line": 23,
          "character": 16
        }
      },
      "uri": "module1/dir2/dir2fl6.bal"
    }
  ]
}