{
  "source": {
    "file": "dir2fl7.bal"
  },
  "position": {
    "line": 50,
    "character": 23
  },
  "result": [
    {
      "range": {
        "start": {
          "line": 49,
          "character": 30
        },
        "end": {
          "line": 49,
          "character": 31
        }
      },
      "uri": "dir2fl7.bal"
    }
  ]
}