{
  "source": {
    "path": "module1/dir2",
    "file": "dir2fl7.bal"
  },
  "position": {
    "line": 165,
    "character": 27
  },
  "result": [
    {
      "range": {
        "start": {
          "line": 163,
          "character": 10
        },
        "end": {
          "line": 163,
          "character": 12
        }
      },
      "uri": "module1/dir2/dir2fl7.bal"
    }
  ]
}