{
  "source": {
    "path": "module1/dir2",
    "file": "dir2fl7.bal"
  },
  "position": {
    "line": 188,
    "character": 13
  },
  "result": [
    {
      "range": {
        "start": {
          "line": 187,
          "character": 27
        },
        "end": {
          "line": 187,
          "character": 33
        }
      },
      "uri": "module1/dir2/dir2fl7.bal"
    }
  ]
}