{
  "source": {
    "file": "dir2fl6.bal"
  },
  "position": {
    "line": 12,
    "character": 25
  },
  "result": [
    {
      "range": {
        "start": {
          "line": 2,
          "character": 6
        },
        "end": {
          "line": 2,
          "character": 10
        }
      },
      "uri": "dir2fl6.bal"
    }
  ]
}